Aaliyah
Aaron
Abigail
Adam
Addison
Adelia
Adrian
Adriana
Afton
Ai
Aiden
Alene
Aleshia
Alessandra
Alex
Alexa
Alexander
Alexandra
Alexis
Alice
Alita
Alla
Allison
Alton
Alyssa
Amelia
An
Andrew
Anette
Angeles
Anissa
Anna
Annabelle
Annetta
Anthony
Aretha
Argelia
Aria
Arianna
Arnette
Asher
Ashli
Aubrey
Audrey
Austin
Ava
Avery
Avril
Azucena
Babara
Bailey
Barbra
Barry
Bella
Benjamin
Bennett
Bentley
Bertram
Bev
Beverlee
Blake
Brandee
Brandon
Brayden
Brianna
Bridget
Brody
Brooke
Brooklyn
Bulah
Caleb
Cameron
Candace
Carla
Carleen
Carmina
Caroline
Caroll
Carri
Carson
Carter
Caryl
Cassy
Celena
Chandra
Chantelle
Charissa
Charlie
Charlotte
Charmaine
Chase
China
Chloe
Christena
Christian
Christopher
Claire
Clara
Claribel
Clorinda
Cole
Colin
Colton
Connor
Cooper
Crystal
Dakota
Dale
Daniel
Darrell
Darrin
Darwin
David
Deandra
Declan
Deeann
Deirdre
Delicia
Delphia
Denisha
Deonna
Desirae
Diego
Dionna
Dolores
Dominic
Dominica
Donald
Dusti
Dylan
Easton
Eda
Edelmira
Edith
Edwardo
Ela
Eleanor
Elena
Eli
Eliana
Elijah
Elise
Elissa
Elizabeth
Ella
Ellie
Emerald
Emily
Emma
Emory
Ethan
Eva
Evan
Evelyn
Evonne
Fatimah
Fleta
Foster
Franchesca
Francis
Franklin
Frederica
Gabriel
Gabriella
Garth
Gavin
Georgeanna
Gerald
Gertrude
Gianna
Gillian
Gladys
Glenn
Grace
Gracie
Grant
Grayson
Hailey
Hannah
Harper
Harrison
Harry
Hattie
Hayden
Hedy
Heidy
Heike
Henry
Hester
Hildegarde
Hisako
Honey
Hudson
Hunter
Ian
Ira
Isaac
Isabella
Isabelle
Isaiah
Isla
Jace
Jack
Jackson
Jacob
Jacquie
Jake
James
Jammie
Jane
Janella
Janelle
Janet
Jarrod
Jasmine
Jason
Jay
Jayden
Jayna
Jeanetta
Jena
Jennell
Jennie
Jeremiah
Jerilyn
Jodee
Joey
John
Johnsie
Jonathan
Jordan
Josefine
Joseph
Josephine
Joshua
Judy
Julia
Julian
Julieta
Julissa
Kacy
Kaitlyn
Kalyn
Kandra
Kate
Katrice
Kayla
Kaylee
Keenan
Kendall
Kenia
Kenna
Kennedy
Kerri
Kizzie
Kylie
Landon
Latricia
Lauren
Laverne
Lavonna
Layla
Lazaro
Leah
Leann
Leighann
Lenita
Leo
Leoma
Leonia
Letitia
Levi
Liam
Liana
Lillian
Lily
Lincoln
Logan
Loreta
Lorette
Lorie
Lucas
Lucille
Lucy
Luke
Lyla
Lyn
Mackenzie
Madeline
Madelyn
Madison
Magda
Makayla
Malisa
Malissa
Mandy
Margarett
Marget
Maria
Markus
Marquerite
Marylee
Mason
Matthew
Max
Maya
Merideth
Mia
Micah
Michael
Miki
Mikki
Mila
Miles
Milton
Mitsuko
Molly
Morgan
Nana
Natalie
Nathan
Nathaniel
Natosha
Nella
Nelle
Nereida
Nevaeh
Nicholas
Nicolette
Noah
Nolan
Nona
Nora
Noreen
Norine
Nu
Olimpia
Olive
Oliver
Olivia
Omar
Onie
Orval
Owen
Paige
Parker
Pasquale
Patrice
Patrina
Paulette
Penelope
Penney
Pete
Petrina
Peyton
Phoebe
Phuong
Piper
Queenie
Quiana
Quinn
Racheal
Rachel
Rachell
Raina
Randee
Raymon
Reagan
Reese
Refugia
Renee
Renita
Riley
Rodney
Roman
Roselle
Rosemarie
Rosy
Rozella
Ruby
Russel
Ruth
Ryan
Ryder
Sadie
Samantha
Sammy
Samuel
Santana
Sarah
Savannah
Scarlett
Sean
Sebastian
Selma
Sena
Shakira
Shira
Sid
Sienna
Sommer
Sophia
Sophie
Starr
Stella
Susan
Susy
Sydney
Tawanna
Taylor
Telma
Terrell
Thomas
Tiara
Tinisha
Tressie
Trista
Tristan
Twyla
Tyler
Valencia
Valeria
Vashti
Vicky
Victoria
Violet
Warren
Wei
Wendi
William
Willie
Woodrow
Wyatt
Xavier
Yessenia
Zachary
Zoe